[1/41] qwantani_dusk_2_puresky ok  (18 MB so far)
[2/41] kloofendal_48d_partly_cloudy_puresky ok  (39 MB so far)
[3/41] stacked_brick_wall ok  (57 MB so far)
[4/41] roof_slates_02 ok  (75 MB so far)
[5/41] painted_plaster_wall ok  (95 MB so far)
[6/41] large_floor_tiles_02 ok  (111 MB so far)
[7/41] large_grey_tiles ok  (128 MB so far)
[8/41] long_white_tiles ok  (149 MB so far)
[9/41] oak_veneer_01 ok  (165 MB so far)
[10/41] painted_concrete ok  (184 MB so far)
[11/41] interlocking_concrete_pavers ok  (205 MB so far)
[12/41] leafy_grass ok  (240 MB so far)
[13/41] asphalt_02 ok  (264 MB so far)
[14/41] rough_linen ok  (320 MB so far)
[15/41] fabric_pattern_07 ok  (354 MB so far)
[16/41] sofa_03 ok  (358 MB so far)
[17/41] modern_coffee_table_01 ok  (366 MB so far)
[18/41] side_table_01 ok  (369 MB so far)
[19/41] round_wooden_table_01 ok  (374 MB so far)
[20/41] dining_chair_02 ok  (381 MB so far)
[21/41] modern_wooden_cabinet ok  (393 MB so far)
[22/41] throw_pillows_01 ok  (407 MB so far)
[23/41] modern_ceiling_lamp_01 ok  (409 MB so far)
[24/41] potted_plant_01 ok  (485 MB so far)
[25/41] potted_plant_02 ok  (569 MB so far)
[26/41] potted_plant_04 ok  (578 MB so far)
[27/41] pachira_aquatica_01 ok  (630 MB so far)
[28/41] calathea_orbifolia_01 ok  (644 MB so far)
[29/41] anthurium_botany_01 ok  (657 MB so far)
[30/41] fern_02 ok  (662 MB so far)
[31/41] shrub_01 ok  (680 MB so far)
[32/41] shrub_04 ok  (687 MB so far)
[33/41] tree_small_02 ok  (816 MB so far)
[34/41] island_tree_01 ok  (954 MB so far)
[35/41] grass_medium_01 ok  (975 MB so far)
[36/41] stone_01 ok  (998 MB so far)
[37/41] ceramic_vase_01 ok  (1000 MB so far)
[38/41] decorative_book_set_01 ok  (1207 MB so far)
[39/41] hanging_picture_frame_01 ok  (1211 MB so far)
[40/41] exterior_aircon_unit ok  (1249 MB so far)
[41/41] street_lamp_02 ok  (1257 MB so far)
ALL DONE
